// Jest Snapshot v1, https://goo.gl/fbAQLP

exports[`Carousel match snapshot 1`] = `
.c0 {
  position: relative;
}

.c1 {
  overflow: hidden;
}

.c2 {
  display: -webkit-box;
  display: -webkit-flex;
  display: -ms-flexbox;
  display: flex;
  position: relative;
}

.c3 {
  -webkit-flex: 0 0 100%;
  -ms-flex: 0 0 100%;
  flex: 0 0 100%;
}

<div>
  <div
    class="c0"
  >
    <div
      class="c1"
    >
      <div
        class="c2"
        data-testid="carousel"
        style="transform: translateX(0); left: -100%;"
      >
        <div
          class="c3"
        >
          <div>
            1
          </div>
        </div>
        <div
          class="c3"
        >
          <div>
            1
          </div>
        </div>
        <div
          class="c3"
        >
          <div>
            1
          </div>
        </div>
      </div>
    </div>
  </div>
</div>
`;
